
unknown
(
  (define-fun a () data (cons1 cons2))
)
