
unknown
(
  (define-fun a () data1 (cons1 (cons2 cons4)))
)
