
unknown
(
  (define-fun f ((_arg_0 Int)) Pair (pair 5 0))
)
