
unknown
(
  (define-fun a () Pair (pair 5 (as @a0 Int)))
)
