
unknown
(
  (define-fun x () Int (as @a0 Int))
)
