
unknown
(
  (define-fun a () Int 0)
  (define-fun b () Int (- 1))
  (define-fun f ((arg_0 Int)) Int (ite (= arg_0 0) 1 0))
)
