
unknown
(
  (define-fun x () Int 5)
  (define-fun y () Int 0)
)
(objectives 
  ((- (* 5 x) y) 25)
)