
unknown
(
  (define-fun x () Int 4)
  (define-fun y () Int 4)
)
