
unknown
(
  (define-fun x () Real 0.0)
  (define-fun y () Real 10.0)
)
