
unknown
(
  (define-fun x () Real 4.0)
  (define-fun y () Real 4.0)
)
