
unknown
(
  (define-fun x () Real 0)
)

unknown
(
  (define-fun x () Real (- (/ 3 2)))
)
